// Vitest Snapshot v1, https://vitest.dev/guide/snapshot.html

exports[`structure is ok 1`] = `
<body>
  <main>
    

    <article>
      
    
      <img
        src="https://picsum.photos/id/28/800/300"
      />
      
    
      <div
        class="content"
      >
        
        
        <p
          class="category"
        >
          travel
        </p>
        
        
        <h2>
          Trip Planning for Total Beginners
        </h2>
        
        
        <p>
          Lorem ipsum dolor sit amet consectetur adipisicing elit. Illum amet reprehenderit nesciunt
            repellendus
            dolorem ipsa eaque repudiandae odit aperiam est assumenda, impedit alias doloremque temporibus
            eligendi
            neque, qui quas esse.
        </p>
        
    
      </div>
      

    </article>
    

    <article>
      
    
      <img
        src="https://picsum.photos/id/35/800/300"
      />
      
    
      <div
        class="content"
      >
        
        
        <p
          class="category"
        >
          travel
        </p>
        
        
        <h2>
          7 ways to survive in the desert
        </h2>
        
        
        <p>
          Lorem ipsum dolor sit amet consectetur adipisicing elit. Illum amet reprehenderit nesciunt
            repellendus
            dolorem ipsa eaque repudiandae odit aperiam est assumenda, impedit alias doloremque temporibus
            eligendi
            neque, qui quas esse.
        </p>
        
    
      </div>
      

    </article>
    

    <article>
      
    
      <img
        src="https://picsum.photos/id/37/800/300"
      />
      
    
      <div
        class="content"
      >
        
        
        <p
          class="category"
        >
          travel
        </p>
        
        
        <h2>
          5 amazing travel destinations
        </h2>
        
        
        <p>
          Lorem ipsum dolor sit amet consectetur adipisicing elit. Illum amet reprehenderit nesciunt
            repellendus
            dolorem ipsa eaque repudiandae odit aperiam est assumenda, impedit alias doloremque temporibus
            eligendi
            neque, qui quas esse.
        </p>
        
    
      </div>
      

    </article>
    

  </main>
</body>
`;
