// Vitest Snapshot v1, https://vitest.dev/guide/snapshot.html

exports[`structure is ok 1`] = `
<body>
  
    

  <div
    id="square"
  >
    <p
      id="text"
    >
      Hello World
    </p>
  </div>
</body>
`;
